move axis: z 40
waiting to acquire machine lock
